Running: /opt/Xilinx/14.7/ISE_DS/ISE/bin/lin64/unwrapped/fuse -intstyle ise -incremental -lib secureip -o /home/mahfuz/VLSI Project 1/fullAdder/fullAdder/FullAdderTb_isim_beh.exe -prj /home/mahfuz/VLSI Project 1/fullAdder/fullAdder/FullAdderTb_beh.prj work.FullAdderTb 
ISim P.20131013 (signature 0xfbc00daa)
Number of CPUs detected in this system: 12
Turning on mult-threading, number of parallel sub-compilation jobs: 24 
Determining compilation order of HDL files
Parsing VHDL file "/home/mahfuz/VLSI Project 1/fullAdder/fullAdder/nandGate.vhd" into library work
Parsing VHDL file "/home/mahfuz/VLSI Project 1/fullAdder/fullAdder/XORGate.vhd" into library work
Parsing VHDL file "/home/mahfuz/VLSI Project 1/fullAdder/fullAdder/ORGate.vhd" into library work
Parsing VHDL file "/home/mahfuz/VLSI Project 1/fullAdder/fullAdder/ANDGate.vhd" into library work
Parsing VHDL file "/home/mahfuz/VLSI Project 1/fullAdder/fullAdder/FullAdder.vhd" into library work
Parsing VHDL file "/home/mahfuz/VLSI Project 1/fullAdder/fullAdder/FullAdderTb.vhd" into library work
Starting static elaboration
Completed static elaboration
Fuse Memory Usage: 83200 KB
Fuse CPU Usage: 320 ms
Compiling package standard
Compiling package std_logic_1164
Compiling architecture behavioral of entity NANDGate [nandgate_default]
Compiling architecture structural of entity XORGate [xorgate_default]
Compiling architecture structural of entity ANDGate [andgate_default]
Compiling architecture structural of entity ORGate [orgate_default]
Compiling architecture structural of entity FullAdder [fulladder_default]
Compiling architecture behavior of entity fulladdertb
Time Resolution for simulation is 1ps.
Compiled 13 VHDL Units
Built simulation executable /home/mahfuz/VLSI Project 1/fullAdder/fullAdder/FullAdderTb_isim_beh.exe
Fuse Memory Usage: 1697512 KB
Fuse CPU Usage: 350 ms
GCC CPU Usage: 490 ms
